{
  "id": "postbd_expected",
  "display_name": "Post-BD Expected (among valid spirometry",
  "description": "",
  "type": "choices",
  "domain": "noyes01"
}
